[irr] dose=0, 跳过辐照段
[handoff] 保留辐照末态缺陷场: V=[1.000e-13, 1.000e-13]  I=[1.000e-30, 1.000e-30]
[handoff] (Veq=1.0e-13, Ieq=1.0e-30, dose_rate=0 => Ks 汇项以 1/Ks=Inf s 退火)
[handoff] 转氧化段: 50 窗, t=1.800e+06 s (500 h)
[ckpt] 氧化 1/50  t=3.600e+04 s  本窗 70.1 s  累计 70 s
[ckpt] 氧化 2/50  t=7.200e+04 s  本窗 30.5 s  累计 101 s
[ckpt] 氧化 3/50  t=1.080e+05 s  本窗 26.4 s  累计 127 s
[ckpt] 氧化 4/50  t=1.440e+05 s  本窗 18.3 s  累计 145 s
[ckpt] 氧化 5/50  t=1.800e+05 s  本窗 16.9 s  累计 162 s
[ckpt] 氧化 6/50  t=2.160e+05 s  本窗 11.6 s  累计 174 s
[ckpt] 氧化 7/50  t=2.520e+05 s  本窗 12.3 s  累计 186 s
[ckpt] 氧化 8/50  t=2.880e+05 s  本窗 10.6 s  累计 197 s
[ckpt] 氧化 9/50  t=3.240e+05 s  本窗 10.4 s  累计 207 s
[ckpt] 氧化 10/50  t=3.600e+05 s  本窗 9.3 s  累计 217 s
[ckpt] 氧化 11/50  t=3.960e+05 s  本窗 12.7 s  累计 229 s
[ckpt] 氧化 12/50  t=4.320e+05 s  本窗 12.8 s  累计 242 s
[ckpt] 氧化 13/50  t=4.680e+05 s  本窗 9.5 s  累计 252 s
[ckpt] 氧化 14/50  t=5.040e+05 s  本窗 9.4 s  累计 261 s
[ckpt] 氧化 15/50  t=5.400e+05 s  本窗 12.2 s  累计 273 s
[ckpt] 氧化 16/50  t=5.760e+05 s  本窗 12.0 s  累计 285 s
[ckpt] 氧化 17/50  t=6.120e+05 s  本窗 12.0 s  累计 297 s
[ckpt] 氧化 18/50  t=6.480e+05 s  本窗 12.0 s  累计 309 s
[ckpt] 氧化 19/50  t=6.840e+05 s  本窗 13.0 s  累计 322 s
[ckpt] 氧化 20/50  t=7.200e+05 s  本窗 11.5 s  累计 334 s
[ckpt] 氧化 21/50  t=7.560e+05 s  本窗 12.1 s  累计 346 s
[ckpt] 氧化 22/50  t=7.920e+05 s  本窗 12.8 s  累计 359 s
[ckpt] 氧化 23/50  t=8.280e+05 s  本窗 11.4 s  累计 370 s
[ckpt] 氧化 24/50  t=8.640e+05 s  本窗 11.8 s  累计 382 s
[ckpt] 氧化 25/50  t=9.000e+05 s  本窗 13.4 s  累计 395 s
[ckpt] 氧化 26/50  t=9.360e+05 s  本窗 10.9 s  累计 406 s
[ckpt] 氧化 27/50  t=9.720e+05 s  本窗 10.8 s  累计 417 s
[ckpt] 氧化 28/50  t=1.008e+06 s  本窗 11.3 s  累计 428 s
[ckpt] 氧化 29/50  t=1.044e+06 s  本窗 10.5 s  累计 439 s
[ckpt] 氧化 30/50  t=1.080e+06 s  本窗 13.0 s  累计 452 s
[ckpt] 氧化 31/50  t=1.116e+06 s  本窗 11.0 s  累计 463 s
[ckpt] 氧化 32/50  t=1.152e+06 s  本窗 14.3 s  累计 477 s
[ckpt] 氧化 33/50  t=1.188e+06 s  本窗 11.8 s  累计 489 s
[ckpt] 氧化 34/50  t=1.224e+06 s  本窗 15.8 s  累计 505 s
[ckpt] 氧化 35/50  t=1.260e+06 s  本窗 9.6 s  累计 514 s
[ckpt] 氧化 36/50  t=1.296e+06 s  本窗 12.2 s  累计 527 s
[ckpt] 氧化 37/50  t=1.332e+06 s  本窗 13.1 s  累计 540 s
[ckpt] 氧化 38/50  t=1.368e+06 s  本窗 14.6 s  累计 554 s
[ckpt] 氧化 39/50  t=1.404e+06 s  本窗 11.0 s  累计 565 s
[ckpt] 氧化 40/50  t=1.440e+06 s  本窗 10.3 s  累计 575 s
[ckpt] 氧化 41/50  t=1.476e+06 s  本窗 19.0 s  累计 595 s
[ckpt] 氧化 42/50  t=1.512e+06 s  本窗 8.5 s  累计 603 s
[ckpt] 氧化 43/50  t=1.548e+06 s  本窗 7.8 s  累计 611 s
[ckpt] 氧化 44/50  t=1.584e+06 s  本窗 10.6 s  累计 621 s
[ckpt] 氧化 45/50  t=1.620e+06 s  本窗 11.5 s  累计 633 s
[ckpt] 氧化 46/50  t=1.656e+06 s  本窗 10.3 s  累计 643 s
[ckpt] 氧化 47/50  t=1.692e+06 s  本窗 14.6 s  累计 658 s
[ckpt] 氧化 48/50  t=1.728e+06 s  本窗 19.1 s  累计 677 s
[ckpt] 氧化 49/50  t=1.764e+06 s  本窗 13.6 s  累计 691 s
[ckpt] 氧化 50/50  t=1.800e+06 s  本窗 14.1 s  累计 705 s
[done] 两段完成, 后处理 -> /Volumes/docker/matfdm/decouple/dose0_laplace
[警告: 导出的图像显示了坐标区工具栏。要从图像中删除坐标区工具栏，请再次导出。] 
后处理完成 (decouple), 全部输出 -> /Volumes/docker/matfdm/decouple/dose0_laplace
